2025-07-28 17:38:21,734 ERROR [main org.springframework.boot.SpringApplication - Application run failed
java.lang.IllegalStateException: java.lang.IllegalStateException: Logback configuration error detected: 
ERROR in ch.qos.logback.core.model.processor.ImplicitModelHandler - Could not create component [layout] of type [org.apache.skywalking.apm.toolkit.log.logback.v1.x.TraceIdPatternLogbackLayout] java.lang.ClassNotFoundException: org.apache.skywalking.apm.toolkit.log.logback.v1.x.TraceIdPatternLogbackLayout
	at org.springframework.boot.context.logging.LoggingApplicationListener.initializeSystem(LoggingApplicationListener.java:347)
	at org.springframework.boot.context.logging.LoggingApplicationListener.initialize(LoggingApplicationListener.java:298)
	at org.springframework.boot.context.logging.LoggingApplicationListener.onApplicationEnvironmentPreparedEvent(LoggingApplicationListener.java:246)
	at org.springframework.boot.context.logging.LoggingApplicationListener.onApplicationEvent(LoggingApplicationListener.java:223)
	at org.springframework.context.event.SimpleApplicationEventMulticaster.doInvokeListener(SimpleApplicationEventMulticaster.java:185)
	at org.springframework.context.event.SimpleApplicationEventMulticaster.invokeListener(SimpleApplicationEventMulticaster.java:178)
	at org.springframework.context.event.SimpleApplicationEventMulticaster.multicastEvent(SimpleApplicationEventMulticaster.java:156)
	at org.springframework.context.event.SimpleApplicationEventMulticaster.multicastEvent(SimpleApplicationEventMulticaster.java:138)
	at org.springframework.boot.context.event.EventPublishingRunListener.multicastInitialEvent(EventPublishingRunListener.java:136)
	at org.springframework.boot.context.event.EventPublishingRunListener.environmentPrepared(EventPublishingRunListener.java:81)
	at org.springframework.boot.SpringApplicationRunListeners.lambda$environmentPrepared$2(SpringApplicationRunListeners.java:64)
	at java.base/java.lang.Iterable.forEach(Iterable.java:75)
	at org.springframework.boot.SpringApplicationRunListeners.doWithListeners(SpringApplicationRunListeners.java:118)
	at org.springframework.boot.SpringApplicationRunListeners.doWithListeners(SpringApplicationRunListeners.java:112)
	at org.springframework.boot.SpringApplicationRunListeners.environmentPrepared(SpringApplicationRunListeners.java:63)
	at org.springframework.boot.SpringApplication.prepareEnvironment(SpringApplication.java:353)
	at org.springframework.boot.SpringApplication.run(SpringApplication.java:313)
	at org.springframework.boot.builder.SpringApplicationBuilder.run(SpringApplicationBuilder.java:149)
	at org.springframework.cloud.bootstrap.BootstrapApplicationListener.bootstrapServiceContext(BootstrapApplicationListener.java:198)
	at org.springframework.cloud.bootstrap.BootstrapApplicationListener.onApplicationEvent(BootstrapApplicationListener.java:114)
	at org.springframework.cloud.bootstrap.BootstrapApplicationListener.onApplicationEvent(BootstrapApplicationListener.java:77)
	at org.springframework.context.event.SimpleApplicationEventMulticaster.doInvokeListener(SimpleApplicationEventMulticaster.java:185)
	at org.springframework.context.event.SimpleApplicationEventMulticaster.invokeListener(SimpleApplicationEventMulticaster.java:178)
	at org.springframework.context.event.SimpleApplicationEventMulticaster.multicastEvent(SimpleApplicationEventMulticaster.java:156)
	at org.springframework.context.event.SimpleApplicationEventMulticaster.multicastEvent(SimpleApplicationEventMulticaster.java:138)
	at org.springframework.boot.context.event.EventPublishingRunListener.multicastInitialEvent(EventPublishingRunListener.java:136)
	at org.springframework.boot.context.event.EventPublishingRunListener.environmentPrepared(EventPublishingRunListener.java:81)
	at org.springframework.boot.SpringApplicationRunListeners.lambda$environmentPrepared$2(SpringApplicationRunListeners.java:64)
	at java.base/java.lang.Iterable.forEach(Iterable.java:75)
	at org.springframework.boot.SpringApplicationRunListeners.doWithListeners(SpringApplicationRunListeners.java:118)
	at org.springframework.boot.SpringApplicationRunListeners.doWithListeners(SpringApplicationRunListeners.java:112)
	at org.springframework.boot.SpringApplicationRunListeners.environmentPrepared(SpringApplicationRunListeners.java:63)
	at org.springframework.boot.SpringApplication.prepareEnvironment(SpringApplication.java:353)
	at org.springframework.boot.SpringApplication.run(SpringApplication.java:313)
	at org.springframework.boot.SpringApplication.run(SpringApplication.java:1361)
	at org.springframework.boot.SpringApplication.run(SpringApplication.java:1350)
	at com.urban.carbon.gateway.DataEngineGateWayApplication.main(DataEngineGateWayApplication.java:9)
Caused by: java.lang.IllegalStateException: Logback configuration error detected: 
ERROR in ch.qos.logback.core.model.processor.ImplicitModelHandler - Could not create component [layout] of type [org.apache.skywalking.apm.toolkit.log.logback.v1.x.TraceIdPatternLogbackLayout] java.lang.ClassNotFoundException: org.apache.skywalking.apm.toolkit.log.logback.v1.x.TraceIdPatternLogbackLayout
	at org.springframework.boot.logging.logback.LogbackLoggingSystem.reportConfigurationErrorsIfNecessary(LogbackLoggingSystem.java:289)
	at org.springframework.boot.logging.logback.LogbackLoggingSystem.loadConfiguration(LogbackLoggingSystem.java:267)
	at org.springframework.boot.logging.AbstractLoggingSystem.initializeWithConventions(AbstractLoggingSystem.java:81)
	at org.springframework.boot.logging.AbstractLoggingSystem.initialize(AbstractLoggingSystem.java:61)
	at org.springframework.boot.logging.logback.LogbackLoggingSystem.initialize(LogbackLoggingSystem.java:195)
	at org.springframework.boot.context.logging.LoggingApplicationListener.initializeSystem(LoggingApplicationListener.java:332)
	... 36 common frames omitted
	Suppressed: java.lang.ClassNotFoundException: org.apache.skywalking.apm.toolkit.log.logback.v1.x.TraceIdPatternLogbackLayout
		at java.base/jdk.internal.loader.BuiltinClassLoader.loadClass(BuiltinClassLoader.java:641)
		at java.base/jdk.internal.loader.ClassLoaders$AppClassLoader.loadClass(ClassLoaders.java:188)
		at java.base/java.lang.ClassLoader.loadClass(ClassLoader.java:526)
		at ch.qos.logback.core.util.Loader.loadClass(Loader.java:116)
		at ch.qos.logback.core.model.processor.ImplicitModelHandler.doComplex(ImplicitModelHandler.java:134)
		at ch.qos.logback.core.model.processor.ImplicitModelHandler.handle(ImplicitModelHandler.java:94)
		at ch.qos.logback.core.model.processor.DefaultProcessor.secondPhaseTraverse(DefaultProcessor.java:241)
		at ch.qos.logback.core.model.processor.DefaultProcessor.secondPhaseTraverse(DefaultProcessor.java:253)
		at ch.qos.logback.core.model.processor.DefaultProcessor.secondPhaseTraverse(DefaultProcessor.java:253)
		at ch.qos.logback.core.model.processor.DefaultProcessor.secondPhaseTraverse(DefaultProcessor.java:253)
		at ch.qos.logback.core.model.processor.DefaultProcessor.traversalLoop(DefaultProcessor.java:90)
		at ch.qos.logback.core.model.processor.DefaultProcessor.process(DefaultProcessor.java:106)
		at ch.qos.logback.core.joran.GenericXMLConfigurator.processModel(GenericXMLConfigurator.java:222)
		at org.springframework.boot.logging.logback.SpringBootJoranConfigurator.processModel(SpringBootJoranConfigurator.java:136)
		at ch.qos.logback.core.joran.GenericXMLConfigurator.doConfigure(GenericXMLConfigurator.java:178)
		at ch.qos.logback.core.joran.GenericXMLConfigurator.doConfigure(GenericXMLConfigurator.java:123)
		at ch.qos.logback.core.joran.GenericXMLConfigurator.doConfigure(GenericXMLConfigurator.java:66)
		at org.springframework.boot.logging.logback.LogbackLoggingSystem.configureByResourceUrl(LogbackLoggingSystem.java:298)
		at org.springframework.boot.logging.logback.LogbackLoggingSystem.lambda$loadConfiguration$2(LogbackLoggingSystem.java:260)
		at org.springframework.boot.logging.logback.LogbackLoggingSystem.withLoggingSuppressed(LogbackLoggingSystem.java:481)
		at org.springframework.boot.logging.logback.LogbackLoggingSystem.loadConfiguration(LogbackLoggingSystem.java:252)
		... 40 common frames omitted
2025-07-28 17:38:21,738 ERROR [main org.springframework.boot.SpringApplication - Application run failed
java.lang.IllegalStateException: java.lang.IllegalStateException: Logback configuration error detected: 
ERROR in ch.qos.logback.core.model.processor.ImplicitModelHandler - Could not create component [layout] of type [org.apache.skywalking.apm.toolkit.log.logback.v1.x.TraceIdPatternLogbackLayout] java.lang.ClassNotFoundException: org.apache.skywalking.apm.toolkit.log.logback.v1.x.TraceIdPatternLogbackLayout
	at org.springframework.boot.context.logging.LoggingApplicationListener.initializeSystem(LoggingApplicationListener.java:347)
	at org.springframework.boot.context.logging.LoggingApplicationListener.initialize(LoggingApplicationListener.java:298)
	at org.springframework.boot.context.logging.LoggingApplicationListener.onApplicationEnvironmentPreparedEvent(LoggingApplicationListener.java:246)
	at org.springframework.boot.context.logging.LoggingApplicationListener.onApplicationEvent(LoggingApplicationListener.java:223)
	at org.springframework.context.event.SimpleApplicationEventMulticaster.doInvokeListener(SimpleApplicationEventMulticaster.java:185)
	at org.springframework.context.event.SimpleApplicationEventMulticaster.invokeListener(SimpleApplicationEventMulticaster.java:178)
	at org.springframework.context.event.SimpleApplicationEventMulticaster.multicastEvent(SimpleApplicationEventMulticaster.java:156)
	at org.springframework.context.event.SimpleApplicationEventMulticaster.multicastEvent(SimpleApplicationEventMulticaster.java:138)
	at org.springframework.boot.context.event.EventPublishingRunListener.multicastInitialEvent(EventPublishingRunListener.java:136)
	at org.springframework.boot.context.event.EventPublishingRunListener.environmentPrepared(EventPublishingRunListener.java:81)
	at org.springframework.boot.SpringApplicationRunListeners.lambda$environmentPrepared$2(SpringApplicationRunListeners.java:64)
	at java.base/java.lang.Iterable.forEach(Iterable.java:75)
	at org.springframework.boot.SpringApplicationRunListeners.doWithListeners(SpringApplicationRunListeners.java:118)
	at org.springframework.boot.SpringApplicationRunListeners.doWithListeners(SpringApplicationRunListeners.java:112)
	at org.springframework.boot.SpringApplicationRunListeners.environmentPrepared(SpringApplicationRunListeners.java:63)
	at org.springframework.boot.SpringApplication.prepareEnvironment(SpringApplication.java:353)
	at org.springframework.boot.SpringApplication.run(SpringApplication.java:313)
	at org.springframework.boot.builder.SpringApplicationBuilder.run(SpringApplicationBuilder.java:149)
	at org.springframework.cloud.bootstrap.BootstrapApplicationListener.bootstrapServiceContext(BootstrapApplicationListener.java:198)
	at org.springframework.cloud.bootstrap.BootstrapApplicationListener.onApplicationEvent(BootstrapApplicationListener.java:114)
	at org.springframework.cloud.bootstrap.BootstrapApplicationListener.onApplicationEvent(BootstrapApplicationListener.java:77)
	at org.springframework.context.event.SimpleApplicationEventMulticaster.doInvokeListener(SimpleApplicationEventMulticaster.java:185)
	at org.springframework.context.event.SimpleApplicationEventMulticaster.invokeListener(SimpleApplicationEventMulticaster.java:178)
	at org.springframework.context.event.SimpleApplicationEventMulticaster.multicastEvent(SimpleApplicationEventMulticaster.java:156)
	at org.springframework.context.event.SimpleApplicationEventMulticaster.multicastEvent(SimpleApplicationEventMulticaster.java:138)
	at org.springframework.boot.context.event.EventPublishingRunListener.multicastInitialEvent(EventPublishingRunListener.java:136)
	at org.springframework.boot.context.event.EventPublishingRunListener.environmentPrepared(EventPublishingRunListener.java:81)
	at org.springframework.boot.SpringApplicationRunListeners.lambda$environmentPrepared$2(SpringApplicationRunListeners.java:64)
	at java.base/java.lang.Iterable.forEach(Iterable.java:75)
	at org.springframework.boot.SpringApplicationRunListeners.doWithListeners(SpringApplicationRunListeners.java:118)
	at org.springframework.boot.SpringApplicationRunListeners.doWithListeners(SpringApplicationRunListeners.java:112)
	at org.springframework.boot.SpringApplicationRunListeners.environmentPrepared(SpringApplicationRunListeners.java:63)
	at org.springframework.boot.SpringApplication.prepareEnvironment(SpringApplication.java:353)
	at org.springframework.boot.SpringApplication.run(SpringApplication.java:313)
	at org.springframework.boot.SpringApplication.run(SpringApplication.java:1361)
	at org.springframework.boot.SpringApplication.run(SpringApplication.java:1350)
	at com.urban.carbon.gateway.DataEngineGateWayApplication.main(DataEngineGateWayApplication.java:9)
Caused by: java.lang.IllegalStateException: Logback configuration error detected: 
ERROR in ch.qos.logback.core.model.processor.ImplicitModelHandler - Could not create component [layout] of type [org.apache.skywalking.apm.toolkit.log.logback.v1.x.TraceIdPatternLogbackLayout] java.lang.ClassNotFoundException: org.apache.skywalking.apm.toolkit.log.logback.v1.x.TraceIdPatternLogbackLayout
	at org.springframework.boot.logging.logback.LogbackLoggingSystem.reportConfigurationErrorsIfNecessary(LogbackLoggingSystem.java:289)
	at org.springframework.boot.logging.logback.LogbackLoggingSystem.loadConfiguration(LogbackLoggingSystem.java:267)
	at org.springframework.boot.logging.AbstractLoggingSystem.initializeWithConventions(AbstractLoggingSystem.java:81)
	at org.springframework.boot.logging.AbstractLoggingSystem.initialize(AbstractLoggingSystem.java:61)
	at org.springframework.boot.logging.logback.LogbackLoggingSystem.initialize(LogbackLoggingSystem.java:195)
	at org.springframework.boot.context.logging.LoggingApplicationListener.initializeSystem(LoggingApplicationListener.java:332)
	... 36 common frames omitted
	Suppressed: java.lang.ClassNotFoundException: org.apache.skywalking.apm.toolkit.log.logback.v1.x.TraceIdPatternLogbackLayout
		at java.base/jdk.internal.loader.BuiltinClassLoader.loadClass(BuiltinClassLoader.java:641)
		at java.base/jdk.internal.loader.ClassLoaders$AppClassLoader.loadClass(ClassLoaders.java:188)
		at java.base/java.lang.ClassLoader.loadClass(ClassLoader.java:526)
		at ch.qos.logback.core.util.Loader.loadClass(Loader.java:116)
		at ch.qos.logback.core.model.processor.ImplicitModelHandler.doComplex(ImplicitModelHandler.java:134)
		at ch.qos.logback.core.model.processor.ImplicitModelHandler.handle(ImplicitModelHandler.java:94)
		at ch.qos.logback.core.model.processor.DefaultProcessor.secondPhaseTraverse(DefaultProcessor.java:241)
		at ch.qos.logback.core.model.processor.DefaultProcessor.secondPhaseTraverse(DefaultProcessor.java:253)
		at ch.qos.logback.core.model.processor.DefaultProcessor.secondPhaseTraverse(DefaultProcessor.java:253)
		at ch.qos.logback.core.model.processor.DefaultProcessor.secondPhaseTraverse(DefaultProcessor.java:253)
		at ch.qos.logback.core.model.processor.DefaultProcessor.traversalLoop(DefaultProcessor.java:90)
		at ch.qos.logback.core.model.processor.DefaultProcessor.process(DefaultProcessor.java:106)
		at ch.qos.logback.core.joran.GenericXMLConfigurator.processModel(GenericXMLConfigurator.java:222)
		at org.springframework.boot.logging.logback.SpringBootJoranConfigurator.processModel(SpringBootJoranConfigurator.java:136)
		at ch.qos.logback.core.joran.GenericXMLConfigurator.doConfigure(GenericXMLConfigurator.java:178)
		at ch.qos.logback.core.joran.GenericXMLConfigurator.doConfigure(GenericXMLConfigurator.java:123)
		at ch.qos.logback.core.joran.GenericXMLConfigurator.doConfigure(GenericXMLConfigurator.java:66)
		at org.springframework.boot.logging.logback.LogbackLoggingSystem.configureByResourceUrl(LogbackLoggingSystem.java:298)
		at org.springframework.boot.logging.logback.LogbackLoggingSystem.lambda$loadConfiguration$2(LogbackLoggingSystem.java:260)
		at org.springframework.boot.logging.logback.LogbackLoggingSystem.withLoggingSuppressed(LogbackLoggingSystem.java:481)
		at org.springframework.boot.logging.logback.LogbackLoggingSystem.loadConfiguration(LogbackLoggingSystem.java:252)
		... 40 common frames omitted
2025-07-28 17:39:00,595 INFO  [main com.alibaba.nacos.client.logging.NacosLogging - Nacos Logging Adapter Builder: com.alibaba.nacos.logger.adapter.logback12.LogbackNacosLoggingAdapterBuilder
2025-07-28 17:39:00,598 INFO  [main com.alibaba.nacos.client.logging.NacosLogging - Nacos Logging Adapter Builder: com.alibaba.nacos.logger.adapter.logback14.LogbackNacosLoggingAdapterBuilder
2025-07-28 17:39:00,598 INFO  [main com.alibaba.nacos.client.logging.NacosLogging - Nacos Logging Adapter: com.alibaba.nacos.logger.adapter.logback14.LogbackNacosLoggingAdapter match ch.qos.logback.classic.Logger success.
2025-07-28 17:39:00,604 INFO  [main com.alibaba.nacos.client.logging.NacosLogging - Nacos Logging Adapter Builder: com.alibaba.nacos.logger.adapter.log4j2.Log4j2NacosLoggingAdapterBuilder
2025-07-28 17:39:01,009 ERROR [main org.springframework.boot.diagnostics.LoggingFailureAnalysisReporter - 

***************************
APPLICATION FAILED TO START
***************************

Description:

Config data resource 'class path resource [sa-token.yml]' via location 'classpath:sa-token.yml' does not exist

Action:

Check that the value 'classpath:sa-token.yml' at class path resource [application.yml] - 5:13 is correct, or prefix it with 'optional:'

2025-07-28 17:39:01,011 WARN  [Thread-2 com.alibaba.nacos.common.executor.ThreadPoolManager - [ThreadPoolManager] Start destroying ThreadPool
2025-07-28 17:39:01,011 WARN  [Thread-2 com.alibaba.nacos.common.executor.ThreadPoolManager - [ThreadPoolManager] Destruction of the end
2025-07-28 17:40:13,382 INFO  [main com.alibaba.nacos.client.logging.NacosLogging - Nacos Logging Adapter Builder: com.alibaba.nacos.logger.adapter.logback12.LogbackNacosLoggingAdapterBuilder
2025-07-28 17:40:13,385 INFO  [main com.alibaba.nacos.client.logging.NacosLogging - Nacos Logging Adapter Builder: com.alibaba.nacos.logger.adapter.logback14.LogbackNacosLoggingAdapterBuilder
2025-07-28 17:40:13,385 INFO  [main com.alibaba.nacos.client.logging.NacosLogging - Nacos Logging Adapter: com.alibaba.nacos.logger.adapter.logback14.LogbackNacosLoggingAdapter match ch.qos.logback.classic.Logger success.
2025-07-28 17:40:13,390 INFO  [main com.alibaba.nacos.client.logging.NacosLogging - Nacos Logging Adapter Builder: com.alibaba.nacos.logger.adapter.log4j2.Log4j2NacosLoggingAdapterBuilder
2025-07-28 17:40:13,883 INFO  [main com.urban.carbon.gateway.DataEngineGateWayApplication - No active profile set, falling back to 1 default profile: "default"
2025-07-28 17:40:14,662 INFO  [main org.springframework.data.repository.config.RepositoryConfigurationDelegate - Multiple Spring Data modules found, entering strict repository configuration mode
2025-07-28 17:40:14,664 INFO  [main org.springframework.data.repository.config.RepositoryConfigurationDelegate - Bootstrapping Spring Data Redis repositories in DEFAULT mode.
2025-07-28 17:40:14,681 INFO  [main org.springframework.data.repository.config.RepositoryConfigurationDelegate - Finished Spring Data repository scanning in 4 ms. Found 0 Redis repository interfaces.
2025-07-28 17:40:14,829 INFO  [main org.springframework.cloud.context.scope.GenericScope - BeanFactory id=72f1b499-9284-302f-b74f-5b90047993af
2025-07-28 17:40:14,903 WARN  [main org.springframework.context.support.PostProcessorRegistrationDelegate$BeanPostProcessorChecker - Bean 'com.alicp.jetcache.anno.config.JetCacheProxyConfiguration' of type [com.alicp.jetcache.anno.config.JetCacheProxyConfiguration$$SpringCGLIB$$0] is not eligible for getting processed by all BeanPostProcessors (for example: not eligible for auto-proxying). Is this bean getting eagerly injected/applied to a currently created BeanPostProcessor [meterRegistryPostProcessor]? Check the corresponding BeanPostProcessor declaration and its dependencies/advisors. If this bean does not have to be post-processed, declare it with ROLE_INFRASTRUCTURE.
2025-07-28 17:40:15,012 WARN  [main org.springframework.context.support.PostProcessorRegistrationDelegate$BeanPostProcessorChecker - Bean 'com.alicp.jetcache.anno.config.CommonConfiguration' of type [com.alicp.jetcache.anno.config.CommonConfiguration$$SpringCGLIB$$0] is not eligible for getting processed by all BeanPostProcessors (for example: not eligible for auto-proxying). Is this bean getting eagerly injected/applied to a currently created BeanPostProcessor [meterRegistryPostProcessor]? Check the corresponding BeanPostProcessor declaration and its dependencies/advisors. If this bean does not have to be post-processed, declare it with ROLE_INFRASTRUCTURE.
2025-07-28 17:40:15,317 WARN  [main org.springframework.cloud.gateway.config.GatewayClassPathWarningAutoConfiguration - 

**********************************************************

The artifact spring-cloud-gateway-server is deprecated. It will be removed in the next major release. Please add spring-cloud-gateway-server-webflux dependency.

**********************************************************


2025-07-28 17:40:15,585 INFO  [main org.redisson.Version - Redisson 3.24.3
2025-07-28 17:40:15,755 INFO  [redisson-netty-3-6 org.redisson.connection.pool.MasterPubSubConnectionPool - 1 connections initialized for 121.194.93.38/121.194.93.38:6379
2025-07-28 17:40:15,935 INFO  [redisson-netty-3-19 org.redisson.connection.pool.MasterConnectionPool - 24 connections initialized for 121.194.93.38/121.194.93.38:6379
2025-07-28 17:40:16,388 INFO  [main org.springframework.cloud.gateway.route.RouteDefinitionRouteLocator - Loaded RoutePredicateFactory [After]
2025-07-28 17:40:16,388 INFO  [main org.springframework.cloud.gateway.route.RouteDefinitionRouteLocator - Loaded RoutePredicateFactory [Before]
2025-07-28 17:40:16,388 INFO  [main org.springframework.cloud.gateway.route.RouteDefinitionRouteLocator - Loaded RoutePredicateFactory [Between]
2025-07-28 17:40:16,388 INFO  [main org.springframework.cloud.gateway.route.RouteDefinitionRouteLocator - Loaded RoutePredicateFactory [Cookie]
2025-07-28 17:40:16,388 INFO  [main org.springframework.cloud.gateway.route.RouteDefinitionRouteLocator - Loaded RoutePredicateFactory [Header]
2025-07-28 17:40:16,388 INFO  [main org.springframework.cloud.gateway.route.RouteDefinitionRouteLocator - Loaded RoutePredicateFactory [Host]
2025-07-28 17:40:16,388 INFO  [main org.springframework.cloud.gateway.route.RouteDefinitionRouteLocator - Loaded RoutePredicateFactory [Method]
2025-07-28 17:40:16,388 INFO  [main org.springframework.cloud.gateway.route.RouteDefinitionRouteLocator - Loaded RoutePredicateFactory [Path]
2025-07-28 17:40:16,388 INFO  [main org.springframework.cloud.gateway.route.RouteDefinitionRouteLocator - Loaded RoutePredicateFactory [Query]
2025-07-28 17:40:16,388 INFO  [main org.springframework.cloud.gateway.route.RouteDefinitionRouteLocator - Loaded RoutePredicateFactory [ReadBody]
2025-07-28 17:40:16,388 INFO  [main org.springframework.cloud.gateway.route.RouteDefinitionRouteLocator - Loaded RoutePredicateFactory [RemoteAddr]
2025-07-28 17:40:16,388 INFO  [main org.springframework.cloud.gateway.route.RouteDefinitionRouteLocator - Loaded RoutePredicateFactory [XForwardedRemoteAddr]
2025-07-28 17:40:16,388 INFO  [main org.springframework.cloud.gateway.route.RouteDefinitionRouteLocator - Loaded RoutePredicateFactory [Weight]
2025-07-28 17:40:16,388 INFO  [main org.springframework.cloud.gateway.route.RouteDefinitionRouteLocator - Loaded RoutePredicateFactory [CloudFoundryRouteService]
2025-07-28 17:40:16,405 INFO  [main com.alibaba.cloud.sentinel.gateway.scg.SentinelSCGAutoConfiguration - [Sentinel SpringCloudGateway] register SentinelGatewayFilter with order: -2147483648
2025-07-28 17:40:16,525 INFO  [main com.alibaba.nacos.plugin.auth.spi.client.ClientAuthPluginManager - [ClientAuthPluginManager] Load ClientAuthService com.alibaba.nacos.client.auth.impl.NacosClientAuthServiceImpl success.
2025-07-28 17:40:16,525 INFO  [main com.alibaba.nacos.plugin.auth.spi.client.ClientAuthPluginManager - [ClientAuthPluginManager] Load ClientAuthService com.alibaba.nacos.client.auth.ram.RamClientAuthServiceImpl success.
2025-07-28 17:40:16,612 INFO  [main org.springframework.boot.actuate.endpoint.web.EndpointLinksResolver - Exposing 2 endpoints beneath base path '/actuator'
2025-07-28 17:40:16,819 INFO  [main com.alibaba.cloud.sentinel.gateway.scg.SentinelSCGAutoConfiguration - [Sentinel SpringCloudGateway] register SentinelGatewayBlockExceptionHandler
2025-07-28 17:40:16,865 INFO  [main com.alicp.jetcache.autoconfigure.AbstractCacheAutoInit - init cache area default , type= caffeine
2025-07-28 17:40:16,868 INFO  [main com.alicp.jetcache.autoconfigure.AbstractCacheAutoInit - init cache area default , type= redisson
2025-07-28 17:40:16,881 INFO  [main com.alicp.jetcache.support.DefaultMetricsManager - cache stat period at 1 MINUTES
2025-07-28 17:40:17,001 WARN  [main org.springframework.cloud.gateway.server.webflux.starter.StarterDeprecatedAutoConfiguration - 

**********************************************************

spring-cloud-starter-gateway is deprecated. It will be removed in the next major release. Please use spring-cloud-starter-gateway-server-webflux instead.

**********************************************************


2025-07-28 17:40:17,045 INFO  [main com.alibaba.nacos.plugin.auth.spi.client.ClientAuthPluginManager - [ClientAuthPluginManager] Load ClientAuthService com.alibaba.nacos.client.auth.impl.NacosClientAuthServiceImpl success.
2025-07-28 17:40:17,045 INFO  [main com.alibaba.nacos.plugin.auth.spi.client.ClientAuthPluginManager - [ClientAuthPluginManager] Load ClientAuthService com.alibaba.nacos.client.auth.ram.RamClientAuthServiceImpl success.
2025-07-28 17:40:17,582 INFO  [com.alibaba.nacos.client.Worker.0 com.alibaba.nacos.common.ability.AbstractAbilityControlManager - Ready to get current node abilities...
2025-07-28 17:40:17,585 INFO  [com.alibaba.nacos.client.Worker.0 com.alibaba.nacos.common.ability.AbstractAbilityControlManager - Ready to initialize current node abilities, support modes: [SDK_CLIENT]
2025-07-28 17:40:17,585 INFO  [com.alibaba.nacos.client.Worker.0 com.alibaba.nacos.common.ability.AbstractAbilityControlManager - Initialize current abilities finish...
2025-07-28 17:40:17,585 INFO  [com.alibaba.nacos.client.Worker.0 com.alibaba.nacos.common.ability.discover.NacosAbilityManagerHolder - [AbilityControlManager] Successfully initialize AbilityControlManager
2025-07-28 17:40:17,672 INFO  [main com.alibaba.cloud.sentinel.datasource.converter.SentinelConverter - converter can not convert rules because source is empty
2025-07-28 17:40:17,741 INFO  [main org.springframework.boot.web.embedded.netty.NettyWebServer - Netty started on port 8081 (http)
2025-07-28 17:40:17,759 INFO  [main com.alibaba.nacos.plugin.auth.spi.client.ClientAuthPluginManager - [ClientAuthPluginManager] Load ClientAuthService com.alibaba.nacos.client.auth.impl.NacosClientAuthServiceImpl success.
2025-07-28 17:40:17,759 INFO  [main com.alibaba.nacos.plugin.auth.spi.client.ClientAuthPluginManager - [ClientAuthPluginManager] Load ClientAuthService com.alibaba.nacos.client.auth.ram.RamClientAuthServiceImpl success.
2025-07-28 17:40:17,803 INFO  [main com.alibaba.cloud.nacos.registry.NacosServiceRegistry - nacos registry, DEFAULT_GROUP data-engine-gateway 172.25.53.177:8081 register finished
2025-07-28 17:40:17,861 INFO  [main com.urban.carbon.gateway.DataEngineGateWayApplication - Started DataEngineGateWayApplication in 4.982 seconds (process running for 5.467)
2025-07-28 17:40:18,093 INFO  [RMI TCP Connection(4)-172.25.53.177 com.alibaba.cloud.sentinel.endpoint.SentinelHealthIndicator - Find sentinel dashboard server list: [Endpoint{protocol=HTTP, host='121.194.93.38, port=80}]
2025-07-28 17:40:18,099 WARN  [RMI TCP Connection(4)-172.25.53.177 com.alibaba.cloud.sentinel.endpoint.SentinelHealthIndicator - Sentinel dashboard heartbeat message can't be sent to the dashboard servers [Endpoint{protocol=HTTP, host='121.194.93.38, port=80}] one of them can't be connected
2025-07-28 17:40:18,109 INFO  [RMI TCP Connection(4)-172.25.53.177 com.alibaba.cloud.sentinel.datasource.converter.SentinelConverter - converter can not convert rules because source is empty
2025-07-28 17:40:52,019 WARN  [Thread-25 com.alibaba.nacos.common.http.HttpClientBeanHolder - [HttpClientBeanHolder] Start destroying common HttpClient
2025-07-28 17:40:52,019 WARN  [Thread-29 com.alibaba.nacos.common.notify.NotifyCenter - [NotifyCenter] Start destroying Publisher
2025-07-28 17:40:52,019 WARN  [Thread-29 com.alibaba.nacos.common.notify.NotifyCenter - [NotifyCenter] Destruction of the end
2025-07-28 17:40:52,020 WARN  [Thread-2 com.alibaba.nacos.common.executor.ThreadPoolManager - [ThreadPoolManager] Start destroying ThreadPool
2025-07-28 17:40:52,020 WARN  [Thread-25 com.alibaba.nacos.common.http.HttpClientBeanHolder - [HttpClientBeanHolder] Destruction of the end
2025-07-28 17:40:52,020 WARN  [Thread-2 com.alibaba.nacos.common.executor.ThreadPoolManager - [ThreadPoolManager] Destruction of the end
2025-07-28 17:40:52,021 INFO  [SpringApplicationShutdownHook com.alibaba.cloud.nacos.registry.NacosServiceRegistry - De-registering from Nacos Server now...
2025-07-28 17:40:52,030 INFO  [SpringApplicationShutdownHook com.alibaba.cloud.nacos.registry.NacosServiceRegistry - De-registration finished.
2025-07-28 17:41:02,040 INFO  [SpringApplicationShutdownHook org.springframework.boot.web.embedded.netty.GracefulShutdown - Commencing graceful shutdown. Waiting for active requests to complete
2025-07-28 17:41:02,042 INFO  [netty-shutdown org.springframework.boot.web.embedded.netty.GracefulShutdown - Graceful shutdown complete
2025-07-28 17:41:04,149 INFO  [SpringApplicationShutdownHook com.alicp.jetcache.support.DefaultMetricsManager - cache stat canceled
